<html>
<body>
<pre>
<h1>礦ision Build Log</h1>
<h2>Tool Versions:</h2>
IDE-Version: μVision V5.18.0.0
Copyright (C) 2016 ARM Ltd and ARM Germany GmbH. All rights reserved.
License Information: c s, t, LIC=D0D7S-LAC5A-GKFBG-VCE7B-MH3EL-T08C6
 
Tool Versions:
Toolchain:       MDK-ARM Standard  Version: 5.18
Toolchain Path:  C:\Keil_v5\ARM\ARMCC\Bin
C Compiler:      Armcc.exe V5.06 update 1 (build 61)
Assembler:       Armasm.exe V5.06 update 1 (build 61)
Linker/Locator:  ArmLink.exe V5.06 update 1 (build 61)
Library Manager: ArmAr.exe V5.06 update 1 (build 61)
Hex Converter:   FromElf.exe V5.06 update 1 (build 61)
CPU DLL:         SARMCM3.DLL V5.18
Dialog DLL:      DCM.DLL V1.13.6.0
Target DLL:      UL2CM3.DLL V1.157.5.0
Dialog DLL:      TCM.DLL V1.14.8.0
 
<h2>Project:</h2>
F:\phD\参考文档\例程-CH32F103EVT\EXAM\USART\USART_SynchronousMode\CH32F10x.uvprojx
Project File Date:  10/09/2021

<h2>Output:</h2>
*** Using Compiler 'V5.06 update 1 (build 61)', folder: 'C:\Keil_v5\ARM\ARMCC\Bin'
Build target 'CH32F10x'
assembling startup_ch32f10x.s...
compiling ch32f10x_it.c...
compiling ch32f10x_crc.c...
compiling debug.c...
compiling ch32f10x_exti.c...
compiling ch32f10x_dma.c...
compiling Main.c...
compiling ch32f10x_bkp.c...
compiling ch32f10x_can.c...
compiling ch32f10x_dbgmcu.c...
compiling system_ch32f10x.c...
compiling ch32f10x_gpio.c...
compiling ch32f10x_i2c.c...
compiling ch32f10x_adc.c...
compiling ch32f10x_dac.c...
compiling ch32f10x_flash.c...
compiling ch32f10x_iwdg.c...
compiling ch32f10x_rtc.c...
compiling ch32f10x_spi.c...
compiling ch32f10x_wwdg.c...
compiling ch32f10x_misc.c...
compiling ch32f10x_rcc.c...
compiling ch32f10x_usart.c...
compiling ch32f10x_pwr.c...
compiling core_cm3.c...
compiling ch32f10x_tim.c...
linking...
Program Size: Code=3708 RO-data=272 RW-data=172 ZI-data=1748  
FromELF: creating hex file...
".\obj\CH32F10x.axf" - 0 Error(s), 0 Warning(s).

<h2>Collection of Component include folders:</h2>
  F:\phD\参考文档\例程-CH32F103EVT\EXAM\USART\USART_SynchronousMode\RTE
  C:\Keil_v5\ARM\PACK\Keil\WCH32F1xx_DFP\1.0.1\Device\Include

<h2>Collection of Component Files used:</h2>
Build Time Elapsed:  00:00:04
</pre>
</body>
</html>
